// Jest Snapshot v1, https://goo.gl/fbAQLP

exports[`Background Should render without errors 1`] = `
<div
  className="background"
>
  <img
    alt="background-image"
    className="background-image"
    src="https://productstewardshipinstitute.files.wordpress.com/2015/09/phonebookwithfingers-pg.jpg"
  />
</div>
`;
