// Jest Snapshot v1, https://goo.gl/fbAQLP

exports[`ContactAddress Should render without errors 1`] = `
<li
  className="contact-item address-item"
>
  <strong>
    Street
  </strong>
  : 
  Kulas Light
</li>
`;
